// Jest Snapshot v1, https://goo.gl/fbAQLP

exports[`FullButton component renders correctly 1`] = `
<View
  accessibilityComponentType={undefined}
  accessibilityLabel={undefined}
  accessibilityTraits={undefined}
  accessible={true}
  hitSlop={undefined}
  isTVSelectable={true}
  onLayout={undefined}
  onResponderGrant={[Function]}
  onResponderMove={[Function]}
  onResponderRelease={[Function]}
  onResponderTerminate={[Function]}
  onResponderTerminationRequest={[Function]}
  onStartShouldSetResponder={[Function]}
  style={
    Object {
      "backgroundColor": "#2ecc71",
      "borderBottomColor": "#27ae60",
      "borderBottomWidth": 1,
      "borderTopColor": "#2ecc71",
      "borderTopWidth": 1,
      "height": 40,
      "marginVertical": 5,
      "opacity": 1,
    }
  }
  testID={undefined}
  tvParallaxProperties={undefined}
>
  <View
    style={
      Object {
        "alignItems": "center",
        "flex": 1,
        "flexDirection": "row",
        "justifyContent": "center",
      }
    }
  >
    <Text
      accessible={true}
      allowFontScaling={true}
      ellipsizeMode="tail"
      style={
        Object {
          "color": "#ecf0f1",
          "fontSize": 14,
          "fontWeight": "bold",
          "margin": 15,
          "marginLeft": 0,
        }
      }
    >
      HI
    </Text>
  </View>
</View>
`;
